
> sugarnote_hp@1.0.0 build
> next build

笆ｲ Next.js 16.1.6 (Turbopack)

node.exe : 笞 The "mid
dleware" file conventi
on is deprecated. Plea
se use "proxy" instead
. Learn more: https://
nextjs.org/docs/messag
es/middleware-to-proxy
発生場所 行:1 文字:1
+ & "C:\Program Files\
nodejs/node.exe" "C:\P
rogram Files\nodejs/no
de_mo ...
+ ~~~~~~~~~~~~~~~~~~~~
~~~~~~~~~~~~~~~~~~~~~~
~~~~~~~~~~~~~~~~~~~~~~
~~~~~
    + CategoryInfo    
          : NotSpeci  
  fied: (笞 The "mi   
 ddlew...leware-to    
-proxy:String) []    ,
 RemoteException
    + FullyQualifiedE 
   rrorId : NativeCo  
  mmandError
 
  Creating an optimized production build ...

> Build error occurred
Error: Turbopack build
 failed with 2 errors:
./src/components/admin
/RichTextEditor.tsx:7:
1
Export default doesn't
 exist in target modul
e
[0m [90m  5 |[39m 
[36mimport[39m [33mL
ink[39m [36mfrom[39
m [32m'@tiptap/extens
ion-link'[39m[33m;[
39m
 [90m  6 |[39m [36m
import[39m [33mImage
[39m [36mfrom[39m 
[32m'@tiptap/extension
-image'[39m[33m;[39
m
[31m[1m>[22m[39m[
90m  7 |[39m [36mimp
ort[39m [33mTextStyl
e[39m [36mfrom[39m 
[32m'@tiptap/extensio
n-text-style'[39m[33
m;[39m
 [90m    |[39m [31m
[1m^[22m[39m[31m[
1m^[22m[39m[31m[1m
^[22m[39m[31m[1m^
[22m[39m[31m[1m^[2
2m[39m[31m[1m^[22m
[39m[31m[1m^[22m[
39m[31m[1m^[22m[39
m[31m[1m^[22m[39m
[31m[1m^[22m[39m[3
1m[1m^[22m[39m[31m
[1m^[22m[39m[31m[
1m^[22m[39m[31m[1m
^[22m[39m[31m[1m^
[22m[39m[31m[1m^[2
2m[39m[31m[1m^[22m
[39m[31m[1m^[22m[
39m[31m[1m^[22m[39
m[31m[1m^[22m[39m
[31m[1m^[22m[39m[3
1m[1m^[22m[39m[31m
[1m^[22m[39m[31m[
1m^[22m[39m[31m[1m
^[22m[39m[31m[1m^
[22m[39m[31m[1m^[2
2m[39m[31m[1m^[22m
[39m[31m[1m^[22m[
39m[31m[1m^[22m[39
m[31m[1m^[22m[39m
[31m[1m^[22m[39m[3
1m[1m^[22m[39m[31m
[1m^[22m[39m[31m[
1m^[22m[39m[31m[1m
^[22m[39m[31m[1m^
[22m[39m[31m[1m^[2
2m[39m[31m[1m^[22m
[39m[31m[1m^[22m[
39m[31m[1m^[22m[39
m[31m[1m^[22m[39m
[31m[1m^[22m[39m[3
1m[1m^[22m[39m[31m
[1m^[22m[39m[31m[
1m^[22m[39m[31m[1m
^[22m[39m[31m[1m^
[22m[39m[31m[1m^[2
2m[39m[31m[1m^[22m
[39m[31m[1m^[22m[
39m[31m[1m^[22m[39
m[31m[1m^[22m[39m
 [90m  8 |[39m [36m
import[39m { [33mCol
or[39m } [36mfrom[3
9m [32m'@tiptap/exten
sion-color'[39m[33m;
[39m
 [90m  9 |[39m [36m
import[39m { [33mBol
d[39m[33m,[39m [33
mItalic[39m[33m,[39
m [33mStrikethrough[
39m[33m,[39m [33mLi
nk[39m [36mas[39m 
[33mLinkIcon[39m[33m
,[39m [33mImage[39m
 [36mas[39m [33mIma
geIcon[39m[33m,[39m
 [33mList[39m[33m,
[39m [33mListOrdered
[39m[33m,[39m [33mU
ndo[39m[33m,[39m [
33mRedo[39m } [36mfr
om[39m [32m'lucide-r
eact'[39m[33m;[39m
 [90m 10 |[39m [36m
import[39m { useEffec
t } [36mfrom[39m [3
2m'react'[39m[33m;[
39m[0m

The export default was
 not found in module [
project]/node_modules/
@tiptap/extension-text
-style/dist/index.js [
app-client] (ecmascrip
t).
Did you mean to import
 LineHeight?
All exports of the mod
ule are statically kno
wn (It doesn't have dy
namic exports). So it'
s known statically tha
t the requested export
 doesn't exist.

Import traces:
  Client Component Bro
wser:
    ./src/components/a
dmin/RichTextEditor.ts
x [Client Component Br
owser]
    ./src/app/admin/ne
ws/page.tsx [Client Co
mponent Browser]
    ./src/app/admin/ne
ws/page.tsx [Server Co
mponent]

  Client Component SSR
:
    ./src/components/a
dmin/RichTextEditor.ts
x [Client Component SS
R]
    ./src/app/admin/ne
ws/page.tsx [Client Co
mponent SSR]
    ./src/app/admin/ne
ws/page.tsx [Server Co
mponent]


./src/components/admin
/RichTextEditor.tsx:7:
1
Export default doesn't
 exist in target modul
e
[0m [90m  5 |[39m 
[36mimport[39m [33mL
ink[39m [36mfrom[39
m [32m'@tiptap/extens
ion-link'[39m[33m;[
39m
 [90m  6 |[39m [36m
import[39m [33mImage
[39m [36mfrom[39m 
[32m'@tiptap/extension
-image'[39m[33m;[39
m
[31m[1m>[22m[39m[
90m  7 |[39m [36mimp
ort[39m [33mTextStyl
e[39m [36mfrom[39m 
[32m'@tiptap/extensio
n-text-style'[39m[33
m;[39m
 [90m    |[39m [31m
[1m^[22m[39m[31m[
1m^[22m[39m[31m[1m
^[22m[39m[31m[1m^
[22m[39m[31m[1m^[2
2m[39m[31m[1m^[22m
[39m[31m[1m^[22m[
39m[31m[1m^[22m[39
m[31m[1m^[22m[39m
[31m[1m^[22m[39m[3
1m[1m^[22m[39m[31m
[1m^[22m[39m[31m[
1m^[22m[39m[31m[1m
^[22m[39m[31m[1m^
[22m[39m[31m[1m^[2
2m[39m[31m[1m^[22m
[39m[31m[1m^[22m[
39m[31m[1m^[22m[39
m[31m[1m^[22m[39m
[31m[1m^[22m[39m[3
1m[1m^[22m[39m[31m
[1m^[22m[39m[31m[
1m^[22m[39m[31m[1m
^[22m[39m[31m[1m^
[22m[39m[31m[1m^[2
2m[39m[31m[1m^[22m
[39m[31m[1m^[22m[
39m[31m[1m^[22m[39
m[31m[1m^[22m[39m
[31m[1m^[22m[39m[3
1m[1m^[22m[39m[31m
[1m^[22m[39m[31m[
1m^[22m[39m[31m[1m
^[22m[39m[31m[1m^
[22m[39m[31m[1m^[2
2m[39m[31m[1m^[22m
[39m[31m[1m^[22m[
39m[31m[1m^[22m[39
m[31m[1m^[22m[39m
[31m[1m^[22m[39m[3
1m[1m^[22m[39m[31m
[1m^[22m[39m[31m[
1m^[22m[39m[31m[1m
^[22m[39m[31m[1m^
[22m[39m[31m[1m^[2
2m[39m[31m[1m^[22m
[39m[31m[1m^[22m[
39m[31m[1m^[22m[39
m[31m[1m^[22m[39m
 [90m  8 |[39m [36m
import[39m { [33mCol
or[39m } [36mfrom[3
9m [32m'@tiptap/exten
sion-color'[39m[33m;
[39m
 [90m  9 |[39m [36m
import[39m { [33mBol
d[39m[33m,[39m [33
mItalic[39m[33m,[39
m [33mStrikethrough[
39m[33m,[39m [33mLi
nk[39m [36mas[39m 
[33mLinkIcon[39m[33m
,[39m [33mImage[39m
 [36mas[39m [33mIma
geIcon[39m[33m,[39m
 [33mList[39m[33m,
[39m [33mListOrdered
[39m[33m,[39m [33mU
ndo[39m[33m,[39m [
33mRedo[39m } [36mfr
om[39m [32m'lucide-r
eact'[39m[33m;[39m
 [90m 10 |[39m [36m
import[39m { useEffec
t } [36mfrom[39m [3
2m'react'[39m[33m;[
39m[0m

The export default was
 not found in module [
project]/node_modules/
@tiptap/extension-text
-style/dist/index.js [
app-ssr] (ecmascript).
Did you mean to import
 LineHeight?
All exports of the mod
ule are statically kno
wn (It doesn't have dy
namic exports). So it'
s known statically tha
t the requested export
 doesn't exist.

Import traces:
  Client Component Bro
wser:
    ./src/components/a
dmin/RichTextEditor.ts
x [Client Component Br
owser]
    ./src/app/admin/ne
ws/page.tsx [Client Co
mponent Browser]
    ./src/app/admin/ne
ws/page.tsx [Server Co
mponent]

  Client Component SSR
:
    ./src/components/a
dmin/RichTextEditor.ts
x [Client Component SS
R]
    ./src/app/admin/ne
ws/page.tsx [Client Co
mponent SSR]
    ./src/app/admin/ne
ws/page.tsx [Server Co
mponent]


    at <unknown> (./sr
c/components/admin/Ric
hTextEditor.tsx:7:1)
    at <unknown> (./sr
c/components/admin/Ric
hTextEditor.tsx:7:1)
